2026-02-25 17:29:58,962 INFO /usr/local/bin/bench set-config -g db_host db
2026-02-25 17:30:02,316 INFO /usr/local/bin/bench set-config -gp db_port 3306
2026-02-25 17:30:03,775 INFO /usr/local/bin/bench set-config -g redis_cache redis://redis-cache:6379
2026-02-25 17:30:05,432 INFO /usr/local/bin/bench set-config -g redis_queue redis://redis-queue:6379
2026-02-25 17:30:06,902 INFO /usr/local/bin/bench set-config -g redis_socketio redis://redis-queue:6379
2026-02-25 17:30:08,435 INFO /usr/local/bin/bench set-config -gp socketio_port 9000
2026-02-25 17:30:28,292 INFO /usr/local/bin/bench set-config -g db_host db
2026-02-25 17:30:29,634 INFO /usr/local/bin/bench set-config -gp db_port 3306
2026-02-25 17:30:30,792 INFO /usr/local/bin/bench set-config -g redis_cache redis://redis-cache:6379
2026-02-25 17:30:31,870 INFO /usr/local/bin/bench set-config -g redis_queue redis://redis-queue:6379
2026-02-25 17:30:32,992 INFO /usr/local/bin/bench set-config -g redis_socketio redis://redis-queue:6379
2026-02-25 17:30:34,115 INFO /usr/local/bin/bench set-config -gp socketio_port 9000
2026-02-25 17:33:52,465 INFO /usr/local/bin/bench set-config -g db_host db
2026-02-25 17:33:54,086 INFO /usr/local/bin/bench set-config -gp db_port 3306
2026-02-25 17:33:55,251 INFO /usr/local/bin/bench set-config -g redis_cache redis://redis-cache:6379
2026-02-25 17:33:56,350 INFO /usr/local/bin/bench set-config -g redis_queue redis://redis-queue:6379
2026-02-25 17:33:57,456 INFO /usr/local/bin/bench set-config -g redis_socketio redis://redis-queue:6379
2026-02-25 17:33:58,664 INFO /usr/local/bin/bench set-config -gp socketio_port 9000
2026-02-25 17:44:20,849 INFO /usr/local/bin/bench set-config -g db_host db
2026-02-25 17:44:21,950 INFO /usr/local/bin/bench set-config -gp db_port 3306
2026-02-25 17:44:22,974 INFO /usr/local/bin/bench set-config -g redis_cache redis://redis-cache:6379
2026-02-25 17:44:24,017 INFO /usr/local/bin/bench set-config -g redis_queue redis://redis-queue:6379
2026-02-25 17:44:25,070 INFO /usr/local/bin/bench set-config -g redis_socketio redis://redis-queue:6379
2026-02-25 17:44:26,146 INFO /usr/local/bin/bench set-config -gp socketio_port 9000
2026-02-25 17:51:16,589 INFO /usr/local/bin/bench set-config -g db_host db
2026-02-25 17:51:18,973 INFO /usr/local/bin/bench set-config -gp db_port 3306
2026-02-25 17:51:21,974 INFO /usr/local/bin/bench set-config -g redis_cache redis://redis-cache:6379
2026-02-25 17:51:23,196 INFO /usr/local/bin/bench set-config -g redis_queue redis://redis-queue:6379
2026-02-25 17:51:24,447 INFO /usr/local/bin/bench set-config -g redis_socketio redis://redis-queue:6379
2026-02-25 17:51:25,633 INFO /usr/local/bin/bench set-config -gp socketio_port 9000
